###############################################################################
#
# IAR ELF Linker V8.50.9.278/W32 for ARM                  02/Mar/2021  19:26:00
# Copyright 2007-2020 IAR Systems AB.
#
#    Output file  =
#        C:\Users\giova\Desktop\Repos\UTFPR\EK-TM4C1294_IAR8-master\Projects\simple_io_main_sp\Debug\Exe\simple_io_main_sp.out
#    Map file     =
#        C:\Users\giova\Desktop\Repos\UTFPR\EK-TM4C1294_IAR8-master\Projects\simple_io_main_sp\Debug\List\simple_io_main_sp.map
#    Command line =
#        -f C:\Users\giova\AppData\Local\Temp\EW3964.tmp
#        (C:\Users\giova\Desktop\Repos\UTFPR\EK-TM4C1294_IAR8-master\TivaWare_C_Series-2.1.4.178\driverlib\ewarm\Exe\driverlib.a
#        C:\Users\giova\Desktop\Repos\UTFPR\EK-TM4C1294_IAR8-master\Projects\simple_io_main_sp\Debug\Obj\simple_io_main_sp.o
#        C:\Users\giova\Desktop\Repos\UTFPR\EK-TM4C1294_IAR8-master\Projects\simple_io_main_sp\Debug\Obj\startup_TM4C1294.o
#        C:\Users\giova\Desktop\Repos\UTFPR\EK-TM4C1294_IAR8-master\Projects\simple_io_main_sp\Debug\Obj\system_TM4C1294_TW.o
#        --no_out_extension -o
#        C:\Users\giova\Desktop\Repos\UTFPR\EK-TM4C1294_IAR8-master\Projects\simple_io_main_sp\Debug\Exe\simple_io_main_sp.out
#        --map
#        C:\Users\giova\Desktop\Repos\UTFPR\EK-TM4C1294_IAR8-master\Projects\simple_io_main_sp\Debug\List\simple_io_main_sp.map
#        --config "C:\Program Files (x86)\IAR Systems\Embedded Workbench
#        8.4\arm\config\linker\TexasInstruments\TM4C1294NC.icf" --semihosting
#        --entry __iar_program_start --vfe --text_out locale)
#
###############################################################################

*******************************************************************************
*** RUNTIME MODEL ATTRIBUTES
***

CppFlavor       = *
__SystemLibrary = DLib
__dlib_version  = 6


*******************************************************************************
*** HEAP SELECTION
***

The basic heap was selected because some modules are built with
size limitations (and not runtime checking), and --advanced_heap
was not specified.


*******************************************************************************
*** PLACEMENT SUMMARY
***

"A0":  place at address 0x0 { ro section .intvec };
"P1":  place in [from 0x0 to 0xf'ffff] { ro };
define block CSTACK with size = 32K, alignment = 8 { };
define block HEAP with size = 64K, alignment = 8 { };
"P2":  place in [from 0x2000'0000 to 0x2003'ffff] {
          rw, block CSTACK, block HEAP };

  Section          Kind         Address    Size  Object
  -------          ----         -------    ----  ------
"A0":                                     0x3c0
  .intvec          ro code          0x0   0x3c0  startup_TM4C1294.o [1]
                                - 0x3c0   0x3c0

"P1":                                     0x8d0
  .text            ro code        0x3c0   0x29c  sysctl.o [3]
  .rodata          const          0x65c   0x1b0  sysctl.o [3]
  .text            ro code        0x80c   0x176  gpio.o [3]
  .text            ro code        0x982    0x3a  zero_init3.o [4]
  .text            ro code        0x9bc   0x134  simple_io_main_sp.o [1]
  .text            ro code        0xaf0    0x28  systick.o [3]
  .rodata          const          0xb18    0x6c  sysctl.o [3]
  .rodata          const          0xb84    0x30  sysctl.o [3]
  .text            ro code        0xbb4    0x2c  system_TM4C1294_TW.o [1]
  .text            ro code        0xbe0    0x28  data_init.o [4]
  .iar.init_table  const          0xc08    0x10  - Linker created -
  .text            ro code        0xc18    0x1e  cmain.o [4]
  .text            ro code        0xc36     0x4  low_level_init.o [2]
  .text            ro code        0xc3a     0x4  exit.o [2]
  .text            ro code        0xc3e     0x2  startup_TM4C1294.o [1]
  .text            ro code        0xc40     0xa  cexit.o [4]
  .text            ro code        0xc4c    0x14  exit.o [5]
  .text            ro code        0xc60    0x1c  cstartup_M.o [4]
  .text            ro code        0xc7c    0x14  startup_TM4C1294.o [1]
  .rodata          const          0xc90     0x0  zero_init3.o [4]
                                - 0xc90   0x8d0

"P2", part 1 of 2:                          0x4
  .bss             zero     0x2000'0000     0x1  simple_io_main_sp.o [1]
                          - 0x2000'0001     0x1

"P2", part 2 of 2:                       0x8004
  .noinit          uninit   0x2000'0004     0x4  system_TM4C1294_TW.o [1]
  CSTACK                    0x2000'0008  0x8000  <Block>
    CSTACK         uninit   0x2000'0008  0x8000  <Block tail>
                          - 0x2000'8008  0x8004

Unused ranges:

         From           To      Size
         ----           --      ----
        0xc90     0xf'ffff  0xf'f370
  0x2000'8008  0x2003'ffff  0x3'7ff8


*******************************************************************************
*** INIT TABLE
***

          Address      Size
          -------      ----
Zero (__iar_zero_init3)
    1 destination range, total size 0x1:
          0x2000'0000   0x1



*******************************************************************************
*** MODULE SUMMARY
***

    Module                ro code  ro data  rw data
    ------                -------  -------  -------
command line/config:
    -----------------------------------------------
    Total:

C:\Users\giova\Desktop\Repos\UTFPR\EK-TM4C1294_IAR8-master\Projects\simple_io_main_sp\Debug\Obj: [1]
    simple_io_main_sp.o       308                 1
    startup_TM4C1294.o        982
    system_TM4C1294_TW.o       44                 4
    -----------------------------------------------
    Total:                  1'334                 5

dl7M_tln.a: [2]
    exit.o                      4
    low_level_init.o            4
    -----------------------------------------------
    Total:                      8

driverlib.a: [3]
    gpio.o                    374
    sysctl.o                  668      588
    systick.o                  40
    -----------------------------------------------
    Total:                  1'082      588

rt7M_tl.a: [4]
    cexit.o                    10
    cmain.o                    30
    cstartup_M.o               28
    data_init.o                40
    zero_init3.o               58
    -----------------------------------------------
    Total:                    166

shb_l.a: [5]
    exit.o                     20
    -----------------------------------------------
    Total:                     20

    Gaps                        2
    Linker created                      16   32'768
---------------------------------------------------
    Grand Total:            2'612      604   32'773


*******************************************************************************
*** ENTRY LIST
***

Entry                       Address   Size  Type      Object
-----                       -------   ----  ----      ------
.iar.init_table$$Base         0xc08          --   Gb  - Linker created -
.iar.init_table$$Limit        0xc18          --   Gb  - Linker created -
?main                         0xc19         Code  Gb  cmain.o [4]
CSTACK$$Base            0x2000'0008          --   Gb  - Linker created -
CSTACK$$Limit           0x2000'8008          --   Gb  - Linker created -
GPIODirModeSet                0x80d   0x28  Code  Gb  gpio.o [3]
GPIOPadConfigSet              0x835  0x102  Code  Gb  gpio.o [3]
GPIOPinRead                   0x937    0x8  Code  Gb  gpio.o [3]
GPIOPinTypeGPIOInput          0x94b   0x14  Code  Gb  gpio.o [3]
GPIOPinTypeGPIOOutput         0x95f    0xa  Code  Gb  gpio.o [3]
GPIOPinWrite                  0x93f    0x8  Code  Gb  gpio.o [3]
LED_D1                  0x2000'0000    0x1  Data  Gb  simple_io_main_sp.o [1]
Region$$Table$$Base           0xc08          --   Gb  - Linker created -
Region$$Table$$Limit          0xc18          --   Gb  - Linker created -
SysCtlClockFreqSet            0x421  0x1fc  Code  Gb  sysctl.o [3]
SysCtlPeripheralEnable        0x403    0x8  Code  Gb  sysctl.o [3]
SysCtlPeripheralReady         0x3e1    0x8  Code  Gb  sysctl.o [3]
SysTickEnable                 0xaf1    0xc  Code  Gb  systick.o [3]
SysTickIntEnable              0xafd    0xc  Code  Gb  systick.o [3]
SysTickPeriodSet              0xb09    0x8  Code  Gb  systick.o [3]
SysTick_Handler               0x9bd   0x18  Code  Gb  simple_io_main_sp.o [1]
SystemCoreClock         0x2000'0004    0x4  Data  Gb  system_TM4C1294_TW.o [1]
SystemInit                    0xbb5   0x1a  Code  Gb  system_TM4C1294_TW.o [1]
_SysCtlMemTimingGet           0x3c1   0x20  Code  Lc  sysctl.o [3]
__Vectors                       0x0          --   Gb  startup_TM4C1294.o [1]
__Vectors_End                 0x3c0         Data  Gb  startup_TM4C1294.o [1]
__Vectors_Size {Abs}          0x3c0          --   Gb  startup_TM4C1294.o [1]
__cmain                       0xc19         Code  Gb  cmain.o [4]
__exit                        0xc4d   0x14  Code  Gb  exit.o [5]
__iar_data_init3              0xbe1   0x28  Code  Gb  data_init.o [4]
__iar_init_vfp                0xc85         Code  Wk  startup_TM4C1294.o [1]
__iar_program_start           0xc61         Code  Gb  cstartup_M.o [4]
__iar_zero_init3              0x983   0x3a  Code  Gb  zero_init3.o [4]
__low_level_init              0xc37    0x4  Code  Gb  low_level_init.o [2]
__vector_table                  0x0         Data  Gb  startup_TM4C1294.o [1]
__vector_table_0x1c            0x1c         Data  Gb  startup_TM4C1294.o [1]
_call_main                    0xc25         Code  Gb  cmain.o [4]
_exit                         0xc41         Code  Gb  cexit.o [4]
_main                         0xc2f         Code  Gb  cmain.o [4]
exit                          0xc3b    0x4  Code  Gb  exit.o [2]
g_pppui32XTALtoVCO            0x65c  0x1b0  Data  Lc  sysctl.o [3]
g_pui32VCOFrequencies         0x654    0x8  Data  Lc  sysctl.o [3]
g_pui32Xtals                  0xb18   0x6c  Data  Lc  sysctl.o [3]
g_sXTALtoMEMTIM               0xb84   0x30  Data  Lc  sysctl.o [3]
main                          0x9d5   0xf2  Code  Gb  simple_io_main_sp.o [1]


[1] = C:\Users\giova\Desktop\Repos\UTFPR\EK-TM4C1294_IAR8-master\Projects\simple_io_main_sp\Debug\Obj
[2] = dl7M_tln.a
[3] = driverlib.a
[4] = rt7M_tl.a
[5] = shb_l.a

   2'612 bytes of readonly  code memory
     604 bytes of readonly  data memory
  32'773 bytes of readwrite data memory

Errors: none
Warnings: none
